// Jest Snapshot v1, https://goo.gl/fbAQLP

exports[`should render options with exactURLMatch selected 1`] = `
<div>
  <label
    htmlFor="wrangleOption"
  >
    
  </label>
  <div
    className="radio"
  >
    <label>
      <input
        checked={false}
        className="form-check-input"
        id="withDupes"
        name="wrangleOption"
        onChange={[MockFunction]}
        type="radio"
        value="withDupes"
      />
       
      
    </label>
  </div>
  <div
    className="radio"
  >
    <label>
      <input
        checked={true}
        className="form-check-input"
        id="exactURLMatch"
        name="wrangleOption"
        onChange={[MockFunction]}
        type="radio"
        value="exactURLMatch"
      />
       
      
    </label>
  </div>
  <div
    className="radio"
  >
    <label>
      <input
        checked={false}
        className="form-check-input"
        id="hostnameAndTitleMatch"
        name="wrangleOption"
        onChange={[MockFunction]}
        type="radio"
        value="hostnameAndTitleMatch"
      />
       
      
    </label>
  </div>
  <div
    className="row"
  >
    <div
      className="col-xs-8 help-block"
      style={
        Object {
          "marginBottom": 0,
        }
      }
    >
      <dl
        style={
          Object {
            "marginBottom": 0,
          }
        }
      >
        <dt>
          
        </dt>
        <dd>
          
        </dd>
        <dt
          style={
            Object {
              "marginTop": "10px",
            }
          }
        >
          
        </dt>
        <dd>
          
        </dd>
        <dt
          style={
            Object {
              "marginTop": "10px",
            }
          }
        >
          
        </dt>
        <dd>
          
        </dd>
      </dl>
    </div>
  </div>
</div>
`;

exports[`should render options with hostnameAndTitleMatch selected 1`] = `
<div>
  <label
    htmlFor="wrangleOption"
  >
    
  </label>
  <div
    className="radio"
  >
    <label>
      <input
        checked={false}
        className="form-check-input"
        id="withDupes"
        name="wrangleOption"
        onChange={[MockFunction]}
        type="radio"
        value="withDupes"
      />
       
      
    </label>
  </div>
  <div
    className="radio"
  >
    <label>
      <input
        checked={false}
        className="form-check-input"
        id="exactURLMatch"
        name="wrangleOption"
        onChange={[MockFunction]}
        type="radio"
        value="exactURLMatch"
      />
       
      
    </label>
  </div>
  <div
    className="radio"
  >
    <label>
      <input
        checked={true}
        className="form-check-input"
        id="hostnameAndTitleMatch"
        name="wrangleOption"
        onChange={[MockFunction]}
        type="radio"
        value="hostnameAndTitleMatch"
      />
       
      
    </label>
  </div>
  <div
    className="row"
  >
    <div
      className="col-xs-8 help-block"
      style={
        Object {
          "marginBottom": 0,
        }
      }
    >
      <dl
        style={
          Object {
            "marginBottom": 0,
          }
        }
      >
        <dt>
          
        </dt>
        <dd>
          
        </dd>
        <dt
          style={
            Object {
              "marginTop": "10px",
            }
          }
        >
          
        </dt>
        <dd>
          
        </dd>
        <dt
          style={
            Object {
              "marginTop": "10px",
            }
          }
        >
          
        </dt>
        <dd>
          
        </dd>
      </dl>
    </div>
  </div>
</div>
`;

exports[`should render options with withDupes selected 1`] = `
<div>
  <label
    htmlFor="wrangleOption"
  >
    
  </label>
  <div
    className="radio"
  >
    <label>
      <input
        checked={true}
        className="form-check-input"
        id="withDupes"
        name="wrangleOption"
        onChange={[MockFunction]}
        type="radio"
        value="withDupes"
      />
       
      
    </label>
  </div>
  <div
    className="radio"
  >
    <label>
      <input
        checked={false}
        className="form-check-input"
        id="exactURLMatch"
        name="wrangleOption"
        onChange={[MockFunction]}
        type="radio"
        value="exactURLMatch"
      />
       
      
    </label>
  </div>
  <div
    className="radio"
  >
    <label>
      <input
        checked={false}
        className="form-check-input"
        id="hostnameAndTitleMatch"
        name="wrangleOption"
        onChange={[MockFunction]}
        type="radio"
        value="hostnameAndTitleMatch"
      />
       
      
    </label>
  </div>
  <div
    className="row"
  >
    <div
      className="col-xs-8 help-block"
      style={
        Object {
          "marginBottom": 0,
        }
      }
    >
      <dl
        style={
          Object {
            "marginBottom": 0,
          }
        }
      >
        <dt>
          
        </dt>
        <dd>
          
        </dd>
        <dt
          style={
            Object {
              "marginTop": "10px",
            }
          }
        >
          
        </dt>
        <dd>
          
        </dd>
        <dt
          style={
            Object {
              "marginTop": "10px",
            }
          }
        >
          
        </dt>
        <dd>
          
        </dd>
      </dl>
    </div>
  </div>
</div>
`;
